{
    "$schema": "../schema.json",
    "name": 1
}