{
    "$schema": "../schema.json",
    "name": "Aisling",
    "age": 24,
    "something_else": "string"
}