{
    "$schema": "../schema.json",
    "age": 10
}