{
    "$schema": "../schema.json",
    "name": null,
    "age": null
}