{
    "a_very_complicated_object": {
        "b": [
            [
                "a",
                "b",
                "c"
            ],
            true
        ],
        "c": {
            "a": [
                "a"
            ],
            "b": [
                "b"
            ]
        },
        "d": {
            "a": [
                [
                    "a",
                    "b"
                ],
                [
                    "c",
                    "d"
                ]
            ],
            "b": 1
        },
        "e": [
            "a",
            1
        ],
        "f": [
            [
                "a"
            ],
            [
                "b"
            ],
            [
                "a",
                "b"
            ]
        ]
    },
    "an_object_with_optional": {
        "a": "a",
        "b": 1,
        "c": true
    }
}