{
    "a_very_complicated_object": [
        "object",
        {
            "a": "string",
            "b": [
                "tuple",
                [
                    [
                        "list",
                        "string"
                    ],
                    "bool"
                ]
            ],
            "c": [
                "map",
                [
                    "list",
                    "string"
                ]
            ],
            "d": [
                "object",
                {
                    "a": [
                        "list",
                        [
                            "list",
                            "string"
                        ]
                    ],
                    "b": "number"
                }
            ],
            "e": [
                "tuple",
                [
                    "string",
                    "number"
                ]
            ],
            "f": [
                "set",
                [
                    "list",
                    "string"
                ]
            ]
        },
        [
            "a"
        ]
    ],
    "an_object_with_optional": [
        "object",
        {
            "a": "string",
            "b": "number",
            "c": "bool",
            "d": "string"
        },
        [
            "d"
        ]
    ]
}