{
    "a_list_maximum_minimum_length": [
        "a"
    ],
    "a_map_maximum_minimum_entries": {
        "a": "a"
    },
    "a_number_enum_kind_1": 1,
    "a_number_enum_kind_2": 1,
    "a_number_exclusive_maximum_minimum": 1,
    "a_number_maximum_minimum": 0,
    "a_set_maximum_minimum_items": [
        "a"
    ],
    "a_string_enum_escaped_characters_kind_1": "\\",
    "a_string_enum_escaped_characters_kind_2": "\"",
    "a_string_enum_kind_1": "a",
    "a_string_enum_kind_2": "a",
    "a_string_length_over_defined": "a",
    "a_string_maximum_minimum_length": "a",
    "a_string_pattern_1": "1.1.1.1",
    "a_string_pattern_2": "#000000",
    "a_string_set_length": "abcd",
    "an_object_maximum_minimum_items": {
        "name": "a",
        "other_field": "b"
    }
}