{
    "a_list_maximum_minimum_length": [
        "list",
        "string"
    ],
    "a_map_maximum_minimum_entries": [
        "map",
        "string"
    ],
    "a_number_enum_kind_1": "number",
    "a_number_enum_kind_2": "number",
    "a_number_exclusive_maximum_minimum": "number",
    "a_number_maximum_minimum": "number",
    "a_set_maximum_minimum_items": [
        "set",
        "string"
    ],
    "a_string_enum_escaped_characters_kind_1": "string",
    "a_string_enum_escaped_characters_kind_2": "string",
    "a_string_enum_kind_1": "string",
    "a_string_enum_kind_2": "string",
    "a_string_length_over_defined": "string",
    "a_string_maximum_minimum_length": "string",
    "a_string_pattern_1": "string",
    "a_string_pattern_2": "string",
    "a_string_set_length": "string",
    "an_object_maximum_minimum_items": [
        "object",
        {
            "name": "string"
        }
    ]
}