{
    "$schema": "../schema.json",
    "a_nullable_string": null,
    "a_number": -5.2
}