{
    "$schema": "http://json-schema.org/draft-07/schema#",
    "properties": {
        "age": {
            "description": "Your age. Required.",
            "type": "number"
        },
        "name": {
            "default": "world",
            "description": "Your name.",
            "type": "string"
        }
    },
    "required": [
        "age"
    ]
}
