{
    "a_bool": false,
    "a_list": [
        "a",
        "b",
        "c"
    ],
    "a_map_of_strings": {
        "a": "a",
        "b": "b",
        "c": "c"
    },
    "a_set": [
        "a",
        "b",
        "c"
    ],
    "a_string": "a string",
    "a_tuple": [
        "a",
        1,
        true
    ],
    "a_variable_in_another_file": "",
    "an_object": {
        "a": "a",
        "b": 1,
        "c": true
    }
}