{
    "a_bool": "bool",
    "a_list": [
        "list",
        "string"
    ],
    "a_map_of_strings": [
        "map",
        "string"
    ],
    "a_nullable_string": "string",
    "a_number": "number",
    "a_set": [
        "set",
        "string"
    ],
    "a_string": "string",
    "a_tuple": [
        "tuple",
        [
            "string",
            "number",
            "bool"
        ]
    ],
    "a_variable_in_another_file": "string",
    "an_object": [
        "object",
        {
            "a": "string",
            "b": "number",
            "c": "bool"
        }
    ]
}